STM32_F103C6_EXTI_Driver.c:37:6:EN_NVIC	16	static
STM32_F103C6_EXTI_Driver.c:65:6:DISEN_NVIC	16	static
STM32_F103C6_EXTI_Driver.c:94:6:Update_EXTI	24	static
STM32_F103C6_EXTI_Driver.c:175:6:MCAL_EXTI_GPIO_DEINIT	4	static
STM32_F103C6_EXTI_Driver.c:236:6:MCAL_EXTI_GPIO_INIT	16	static
STM32_F103C6_EXTI_Driver.c:254:6:MCAL_EXTI_GPIO_UPDATE	16	static
STM32_F103C6_EXTI_Driver.c:266:6:EXTI0_IRQHandler	8	static
STM32_F103C6_EXTI_Driver.c:274:6:EXTI1_IRQHandler	8	static
STM32_F103C6_EXTI_Driver.c:282:6:EXTI2_IRQHandler	8	static
STM32_F103C6_EXTI_Driver.c:290:6:EXTI3_IRQHandler	8	static
STM32_F103C6_EXTI_Driver.c:298:6:EXTI4_IRQHandler	8	static
STM32_F103C6_EXTI_Driver.c:306:6:EXTI9_5_IRQHandler	8	static
STM32_F103C6_EXTI_Driver.c:315:6:EXTI15_10_IRQHandler	8	static
