STM32_F103C6_USART_Driver.c:41:6:MCAL_UART_Init	24	static
STM32_F103C6_USART_Driver.c:125:6:MCAL_UART_DeInit	16	static
STM32_F103C6_USART_Driver.c:171:6:MCAL_UART_SendData	24	static
STM32_F103C6_USART_Driver.c:200:6:MCAL_UART_WAIT_TC	16	static
STM32_F103C6_USART_Driver.c:206:6:MCAL_UART_ReceiveData	24	static
STM32_F103C6_USART_Driver.c:260:6:MCAL_UART_GPIO_Set_Pins	24	static
STM32_F103C6_USART_Driver.c:376:6:USART1_IRQHandler	8	static
STM32_F103C6_USART_Driver.c:383:6:USART2_IRQHandler	8	static
STM32_F103C6_USART_Driver.c:388:6:USART3_IRQHandler	8	static
