Archive member included to satisfy reference by file (symbol)

c:/st/stm32cubeide_1.4.0/stm32cubeide/plugins/com.st.stm32cube.ide.mcu.externaltools.gnu-tools-for-stm32.7-2018-q2-update.win32_1.4.0.202007081208/tools/bin/../lib/gcc/arm-none-eabi/7.3.1/../../../../arm-none-eabi/lib/thumb/v7-m\libc_nano.a(lib_a-errno.o)
                              Src/syscalls.o (__errno)
c:/st/stm32cubeide_1.4.0/stm32cubeide/plugins/com.st.stm32cube.ide.mcu.externaltools.gnu-tools-for-stm32.7-2018-q2-update.win32_1.4.0.202007081208/tools/bin/../lib/gcc/arm-none-eabi/7.3.1/../../../../arm-none-eabi/lib/thumb/v7-m\libc_nano.a(lib_a-exit.o)
                              c:/st/stm32cubeide_1.4.0/stm32cubeide/plugins/com.st.stm32cube.ide.mcu.externaltools.gnu-tools-for-stm32.7-2018-q2-update.win32_1.4.0.202007081208/tools/bin/../lib/gcc/arm-none-eabi/7.3.1/../../../../arm-none-eabi/lib/thumb/v7-m/crt0.o (exit)
c:/st/stm32cubeide_1.4.0/stm32cubeide/plugins/com.st.stm32cube.ide.mcu.externaltools.gnu-tools-for-stm32.7-2018-q2-update.win32_1.4.0.202007081208/tools/bin/../lib/gcc/arm-none-eabi/7.3.1/../../../../arm-none-eabi/lib/thumb/v7-m\libc_nano.a(lib_a-impure.o)
                              c:/st/stm32cubeide_1.4.0/stm32cubeide/plugins/com.st.stm32cube.ide.mcu.externaltools.gnu-tools-for-stm32.7-2018-q2-update.win32_1.4.0.202007081208/tools/bin/../lib/gcc/arm-none-eabi/7.3.1/../../../../arm-none-eabi/lib/thumb/v7-m\libc_nano.a(lib_a-exit.o) (_global_impure_ptr)
c:/st/stm32cubeide_1.4.0/stm32cubeide/plugins/com.st.stm32cube.ide.mcu.externaltools.gnu-tools-for-stm32.7-2018-q2-update.win32_1.4.0.202007081208/tools/bin/../lib/gcc/arm-none-eabi/7.3.1/../../../../arm-none-eabi/lib/thumb/v7-m\libc_nano.a(lib_a-init.o)
                              c:/st/stm32cubeide_1.4.0/stm32cubeide/plugins/com.st.stm32cube.ide.mcu.externaltools.gnu-tools-for-stm32.7-2018-q2-update.win32_1.4.0.202007081208/tools/bin/../lib/gcc/arm-none-eabi/7.3.1/../../../../arm-none-eabi/lib/thumb/v7-m/crt0.o (__libc_init_array)
c:/st/stm32cubeide_1.4.0/stm32cubeide/plugins/com.st.stm32cube.ide.mcu.externaltools.gnu-tools-for-stm32.7-2018-q2-update.win32_1.4.0.202007081208/tools/bin/../lib/gcc/arm-none-eabi/7.3.1/../../../../arm-none-eabi/lib/thumb/v7-m\libc_nano.a(lib_a-memset.o)
                              c:/st/stm32cubeide_1.4.0/stm32cubeide/plugins/com.st.stm32cube.ide.mcu.externaltools.gnu-tools-for-stm32.7-2018-q2-update.win32_1.4.0.202007081208/tools/bin/../lib/gcc/arm-none-eabi/7.3.1/../../../../arm-none-eabi/lib/thumb/v7-m/crt0.o (memset)

Allocating common symbols
Common symbol       size              file

PinCfg              0x4               HAL/lcd.o
GP_IRQ_CallBack     0x3c              STM32_F103C6_Drivers/STM32_F103C6_EXTI_Driver.o

Discarded input sections

 .text          0x0000000000000000        0x0 c:/st/stm32cubeide_1.4.0/stm32cubeide/plugins/com.st.stm32cube.ide.mcu.externaltools.gnu-tools-for-stm32.7-2018-q2-update.win32_1.4.0.202007081208/tools/bin/../lib/gcc/arm-none-eabi/7.3.1/thumb/v7-m/crti.o
 .data          0x0000000000000000        0x0 c:/st/stm32cubeide_1.4.0/stm32cubeide/plugins/com.st.stm32cube.ide.mcu.externaltools.gnu-tools-for-stm32.7-2018-q2-update.win32_1.4.0.202007081208/tools/bin/../lib/gcc/arm-none-eabi/7.3.1/thumb/v7-m/crti.o
 .bss           0x0000000000000000        0x0 c:/st/stm32cubeide_1.4.0/stm32cubeide/plugins/com.st.stm32cube.ide.mcu.externaltools.gnu-tools-for-stm32.7-2018-q2-update.win32_1.4.0.202007081208/tools/bin/../lib/gcc/arm-none-eabi/7.3.1/thumb/v7-m/crti.o
 .data          0x0000000000000000        0x4 c:/st/stm32cubeide_1.4.0/stm32cubeide/plugins/com.st.stm32cube.ide.mcu.externaltools.gnu-tools-for-stm32.7-2018-q2-update.win32_1.4.0.202007081208/tools/bin/../lib/gcc/arm-none-eabi/7.3.1/thumb/v7-m/crtbegin.o
 .text          0x0000000000000000       0x74 c:/st/stm32cubeide_1.4.0/stm32cubeide/plugins/com.st.stm32cube.ide.mcu.externaltools.gnu-tools-for-stm32.7-2018-q2-update.win32_1.4.0.202007081208/tools/bin/../lib/gcc/arm-none-eabi/7.3.1/../../../../arm-none-eabi/lib/thumb/v7-m/crt0.o
 .data          0x0000000000000000        0x0 c:/st/stm32cubeide_1.4.0/stm32cubeide/plugins/com.st.stm32cube.ide.mcu.externaltools.gnu-tools-for-stm32.7-2018-q2-update.win32_1.4.0.202007081208/tools/bin/../lib/gcc/arm-none-eabi/7.3.1/../../../../arm-none-eabi/lib/thumb/v7-m/crt0.o
 .bss           0x0000000000000000        0x0 c:/st/stm32cubeide_1.4.0/stm32cubeide/plugins/com.st.stm32cube.ide.mcu.externaltools.gnu-tools-for-stm32.7-2018-q2-update.win32_1.4.0.202007081208/tools/bin/../lib/gcc/arm-none-eabi/7.3.1/../../../../arm-none-eabi/lib/thumb/v7-m/crt0.o
 .ARM.extab     0x0000000000000000        0x0 c:/st/stm32cubeide_1.4.0/stm32cubeide/plugins/com.st.stm32cube.ide.mcu.externaltools.gnu-tools-for-stm32.7-2018-q2-update.win32_1.4.0.202007081208/tools/bin/../lib/gcc/arm-none-eabi/7.3.1/../../../../arm-none-eabi/lib/thumb/v7-m/crt0.o
[...]
Memory Configuration

Name             Origin             Length             Attributes
RAM              0x0000000020000000 0x0000000000002800 xrw
ROM              0x0000000008000000 0x0000000000008000 xr
*default*        0x0000000000000000 0xffffffffffffffff

Linker script and memory map

LOAD c:/st/stm32cubeide_1.4.0/stm32cubeide/plugins/com.st.stm32cube.ide.mcu.externaltools.gnu-tools-for-stm32.7-2018-q2-update.win32_1.4.0.202007081208/tools/bin/../lib/gcc/arm-none-eabi/7.3.1/thumb/v7-m/crti.o
LOAD c:/st/stm32cubeide_1.4.0/stm32cubeide/plugins/com.st.stm32cube.ide.mcu.externaltools.gnu-tools-for-stm32.7-2018-q2-update.win32_1.4.0.202007081208/tools/bin/../lib/gcc/arm-none-eabi/7.3.1/thumb/v7-m/crtbegin.o
LOAD c:/st/stm32cubeide_1.4.0/stm32cubeide/plugins/com.st.stm32cube.ide.mcu.externaltools.gnu-tools-for-stm32.7-2018-q2-update.win32_1.4.0.202007081208/tools/bin/../lib/gcc/arm-none-eabi/7.3.1/../../../../arm-none-eabi/lib/thumb/v7-m/crt0.o
LOAD HAL/I2C_Slave_EEPROM.o
LOAD HAL/keypad.o
LOAD HAL/lcd.o
LOAD STM32_F103C6_Drivers/STM32_F103C6_EXTI_Driver.o
LOAD STM32_F103C6_Drivers/STM32_F103C6_GPIO_Driver.o
LOAD STM32_F103C6_Drivers/STM32_F103C6_I2C_Driver.o
LOAD STM32_F103C6_Drivers/STM32_F103C6_RCC_Driver.o
LOAD STM32_F103C6_Drivers/STM32_F103C6_SPI_Driver.o
LOAD STM32_F103C6_Drivers/STM32_F103C6_USART_Driver.o
LOAD Src/main.o
LOAD Src/syscalls.o
LOAD Src/sysmem.o
LOAD Startup/startup_stm32f103c6tx.o
START GROUP
LOAD c:/st/stm32cubeide_1.4.0/stm32cubeide/plugins/com.st.stm32cube.ide.mcu.externaltools.gnu-tools-for-stm32.7-2018-q2-update.win32_1.4.0.202007081208/tools/bin/../lib/gcc/arm-none-eabi/7.3.1/../../../../arm-none-eabi/lib/thumb/v7-m\libc_nano.a
LOAD c:/st/stm32cubeide_1.4.0/stm32cubeide/plugins/com.st.stm32cube.ide.mcu.externaltools.gnu-tools-for-stm32.7-2018-q2-update.win32_1.4.0.202007081208/tools/bin/../lib/gcc/arm-none-eabi/7.3.1/../../../../arm-none-eabi/lib/thumb/v7-m\libm.a
END GROUP
START GROUP
LOAD c:/st/stm32cubeide_1.4.0/stm32cubeide/plugins/com.st.stm32cube.ide.mcu.externaltools.gnu-tools-for-stm32.7-2018-q2-update.win32_1.4.0.202007081208/tools/bin/../lib/gcc/arm-none-eabi/7.3.1/thumb/v7-m\libgcc.a
LOAD c:/st/stm32cubeide_1.4.0/stm32cubeide/plugins/com.st.stm32cube.ide.mcu.externaltools.gnu-tools-for-stm32.7-2018-q2-update.win32_1.4.0.202007081208/tools/bin/../lib/gcc/arm-none-eabi/7.3.1/../../../../arm-none-eabi/lib/thumb/v7-m\libg_nano.a
LOAD c:/st/stm32cubeide_1.4.0/stm32cubeide/plugins/com.st.stm32cube.ide.mcu.externaltools.gnu-tools-for-stm32.7-2018-q2-update.win32_1.4.0.202007081208/tools/bin/../lib/gcc/arm-none-eabi/7.3.1/../../../../arm-none-eabi/lib/thumb/v7-m\libc_nano.a
END GROUP
START GROUP
LOAD c:/st/stm32cubeide_1.4.0/stm32cubeide/plugins/com.st.stm32cube.ide.mcu.externaltools.gnu-tools-for-stm32.7-2018-q2-update.win32_1.4.0.202007081208/tools/bin/../lib/gcc/arm-none-eabi/7.3.1/thumb/v7-m\libgcc.a
LOAD c:/st/stm32cubeide_1.4.0/stm32cubeide/plugins/com.st.stm32cube.ide.mcu.externaltools.gnu-tools-for-stm32.7-2018-q2-update.win32_1.4.0.202007081208/tools/bin/../lib/gcc/arm-none-eabi/7.3.1/../../../../arm-none-eabi/lib/thumb/v7-m\libc_nano.a
LOAD c:/st/stm32cubeide_1.4.0/stm32cubeide/plugins/com.st.stm32cube.ide.mcu.externaltools.gnu-tools-for-stm32.7-2018-q2-update.win32_1.4.0.202007081208/tools/bin/../lib/gcc/arm-none-eabi/7.3.1/../../../../arm-none-eabi/lib/thumb/v7-m\libnosys.a
END GROUP
START GROUP
LOAD c:/st/stm32cubeide_1.4.0/stm32cubeide/plugins/com.st.stm32cube.ide.mcu.externaltools.gnu-tools-for-stm32.7-2018-q2-update.win32_1.4.0.202007081208/tools/bin/../lib/gcc/arm-none-eabi/7.3.1/thumb/v7-m\libgcc.a
LOAD c:/st/stm32cubeide_1.4.0/stm32cubeide/plugins/com.st.stm32cube.ide.mcu.externaltools.gnu-tools-for-stm32.7-2018-q2-update.win32_1.4.0.202007081208/tools/bin/../lib/gcc/arm-none-eabi/7.3.1/../../../../arm-none-eabi/lib/thumb/v7-m\libc_nano.a
LOAD c:/st/stm32cubeide_1.4.0/stm32cubeide/plugins/com.st.stm32cube.ide.mcu.externaltools.gnu-tools-for-stm32.7-2018-q2-update.win32_1.4.0.202007081208/tools/bin/../lib/gcc/arm-none-eabi/7.3.1/../../../../arm-none-eabi/lib/thumb/v7-m\libnosys.a
END GROUP
LOAD c:/st/stm32cubeide_1.4.0/stm32cubeide/plugins/com.st.stm32cube.ide.mcu.externaltools.gnu-tools-for-stm32.7-2018-q2-update.win32_1.4.0.202007081208/tools/bin/../lib/gcc/arm-none-eabi/7.3.1/thumb/v7-m/crtend.o
LOAD c:/st/stm32cubeide_1.4.0/stm32cubeide/plugins/com.st.stm32cube.ide.mcu.externaltools.gnu-tools-for-stm32.7-2018-q2-update.win32_1.4.0.202007081208/tools/bin/../lib/gcc/arm-none-eabi/7.3.1/thumb/v7-m/crtn.o
                0x0000000020002800                _estack = (ORIGIN (RAM) + LENGTH (RAM))
                0x0000000000000200                _Min_Heap_Size = 0x200
                0x0000000000000400                _Min_Stack_Size = 0x400

.isr_vector     0x0000000008000000      0x130
                0x0000000008000000                . = ALIGN (0x4)
 *(.isr_vector)
 .isr_vector    0x0000000008000000      0x130 Startup/startup_stm32f103c6tx.o
                0x0000000008000000                g_pfnVectors
                0x0000000008000130                . = ALIGN (0x4)

.text           0x0000000008000130      0xed0
                0x0000000008000130                . = ALIGN (0x4)
 *(.text)
 .text          0x0000000008000130       0x40 c:/st/stm32cubeide_1.4.0/stm32cubeide/plugins/com.st.stm32cube.ide.mcu.externaltools.gnu-tools-for-stm32.7-2018-q2-update.win32_1.4.0.202007081208/tools/bin/../lib/gcc/arm-none-eabi/7.3.1/thumb/v7-m/crtbegin.o
 *(.text*)
 .text.eeprom_init
                0x0000000008000170       0x3c HAL/I2C_Slave_EEPROM.o
                0x0000000008000170                eeprom_init
 .text.eeprom_write_Nbytes
                0x00000000080001ac       0xa4 HAL/I2C_Slave_EEPROM.o
                0x00000000080001ac                eeprom_write_Nbytes
 .text.eeprom_read_Nbytes
                0x0000000008000250       0x58 HAL/I2C_Slave_EEPROM.o
                0x0000000008000250                eeprom_read_Nbytes
 .text.EXTI0_IRQHandler
                0x00000000080002a8       0x24 STM32_F103C6_Drivers/STM32_F103C6_EXTI_Driver.o
                0x00000000080002a8                EXTI0_IRQHandler
 .text.EXTI1_IRQHandler
                0x00000000080002cc       0x24 STM32_F103C6_Drivers/STM32_F103C6_EXTI_Driver.o
                0x00000000080002cc                EXTI1_IRQHandler
 .text.EXTI2_IRQHandler
                0x00000000080002f0       0x24 STM32_F103C6_Drivers/STM32_F103C6_EXTI_Driver.o
                0x00000000080002f0                EXTI2_IRQHandler
 .text.EXTI3_IRQHandler
                0x0000000008000314       0x24 STM32_F103C6_Drivers/STM32_F103C6_EXTI_Driver.o
                0x0000000008000314                EXTI3_IRQHandler
 .text.EXTI4_IRQHandler
                0x0000000008000338       0x24 STM32_F103C6_Drivers/STM32_F103C6_EXTI_Driver.o
                0x0000000008000338                EXTI4_IRQHandler
 .text.EXTI9_5_IRQHandler
                0x000000000800035c       0xa8 STM32_F103C6_Drivers/STM32_F103C6_EXTI_Driver.o
                0x000000000800035c                EXTI9_5_IRQHandler
 .text.EXTI15_10_IRQHandler
                0x0000000008000404       0xc4 STM32_F103C6_Drivers/STM32_F103C6_EXTI_Driver.o
                0x0000000008000404                EXTI15_10_IRQHandler
 .text.Get_CRLH_Position
                0x00000000080004c8       0xc6 STM32_F103C6_Drivers/STM32_F103C6_GPIO_Driver.o
                0x00000000080004c8                Get_CRLH_Position
 .text.MCAL_GPIO_Init
                0x000000000800058e       0xfe STM32_F103C6_Drivers/STM32_F103C6_GPIO_Driver.o
                0x000000000800058e                MCAL_GPIO_Init
 .text.I2C_GenerateSTART
                0x000000000800068c       0x4e STM32_F103C6_Drivers/STM32_F103C6_I2C_Driver.o
                0x000000000800068c                I2C_GenerateSTART
 *fill*         0x00000000080006da        0x2 
 .text.I2C_GetFlagStatus
                0x00000000080006dc       0xf8 STM32_F103C6_Drivers/STM32_F103C6_I2C_Driver.o
                0x00000000080006dc                I2C_GetFlagStatus
 .text.I2C_SendAddress
                0x00000000080007d4       0x6c STM32_F103C6_Drivers/STM32_F103C6_I2C_Driver.o
                0x00000000080007d4                I2C_SendAddress
 .text.I2C_GenerateStop
                0x0000000008000840       0x36 STM32_F103C6_Drivers/STM32_F103C6_I2C_Driver.o
                0x0000000008000840                I2C_GenerateStop
 .text.I2C_AcknowledgeConfig
                0x0000000008000876       0x36 STM32_F103C6_Drivers/STM32_F103C6_I2C_Driver.o
                0x0000000008000876                I2C_AcknowledgeConfig
 .text.MCAL_I2C_Init
                0x00000000080008ac      0x21c STM32_F103C6_Drivers/STM32_F103C6_I2C_Driver.o
                0x00000000080008ac                MCAL_I2C_Init
 .text.MCAL_I2C_GPIO_Set_Pins
                0x0000000008000ac8       0x94 STM32_F103C6_Drivers/STM32_F103C6_I2C_Driver.o
                0x0000000008000ac8                MCAL_I2C_GPIO_Set_Pins
 .text.MCAL_I2C_Master_TX
                0x0000000008000b5c       0xac STM32_F103C6_Drivers/STM32_F103C6_I2C_Driver.o
                0x0000000008000b5c                MCAL_I2C_Master_TX
 .text.MCAL_I2C_Master_RX
                0x0000000008000c08       0xe4 STM32_F103C6_Drivers/STM32_F103C6_I2C_Driver.o
                0x0000000008000c08                MCAL_I2C_Master_RX
 .text.I2C1_ER_IRQHandler
                0x0000000008000cec        0xc STM32_F103C6_Drivers/STM32_F103C6_I2C_Driver.o
                0x0000000008000cec                I2C1_ER_IRQHandler
 .text.I2C1_EV_IRQHandler
                0x0000000008000cf8        0xc STM32_F103C6_Drivers/STM32_F103C6_I2C_Driver.o
                0x0000000008000cf8                I2C1_EV_IRQHandler
 .text.I2C2_EV_IRQHandler
                0x0000000008000d04        0xc STM32_F103C6_Drivers/STM32_F103C6_I2C_Driver.o
                0x0000000008000d04                I2C2_EV_IRQHandler
 .text.I2C2_ER_IRQHandler
                0x0000000008000d10        0xc STM32_F103C6_Drivers/STM32_F103C6_I2C_Driver.o
                0x0000000008000d10                I2C2_ER_IRQHandler
 .text.MCAL_RCC_GetSYS_CLCKFreq
                0x0000000008000d1c       0x3c STM32_F103C6_Drivers/STM32_F103C6_RCC_Driver.o
                0x0000000008000d1c                MCAL_RCC_GetSYS_CLCKFreq
 .text.MCAL_RCC_GetHCLKFreq
                0x0000000008000d58       0x28 STM32_F103C6_Drivers/STM32_F103C6_RCC_Driver.o
                0x0000000008000d58                MCAL_RCC_GetHCLKFreq
 .text.MCAL_RCC_GetPCLK1Freq
                0x0000000008000d80       0x28 STM32_F103C6_Drivers/STM32_F103C6_RCC_Driver.o
                0x0000000008000d80                MCAL_RCC_GetPCLK1Freq
 .text.SPI1_IRQHandler
                0x0000000008000da8       0x5c STM32_F103C6_Drivers/STM32_F103C6_SPI_Driver.o
                0x0000000008000da8                SPI1_IRQHandler
 .text.SPI2_IRQHandler
                0x0000000008000e04       0x5c STM32_F103C6_Drivers/STM32_F103C6_SPI_Driver.o
                0x0000000008000e04                SPI2_IRQHandler
 .text.USART1_IRQHandler
                0x0000000008000e60       0x14 STM32_F103C6_Drivers/STM32_F103C6_USART_Driver.o
                0x0000000008000e60                USART1_IRQHandler
 .text.USART2_IRQHandler
                0x0000000008000e74       0x14 STM32_F103C6_Drivers/STM32_F103C6_USART_Driver.o
                0x0000000008000e74                USART2_IRQHandler
 .text.USART3_IRQHandler
                0x0000000008000e88       0x14 STM32_F103C6_Drivers/STM32_F103C6_USART_Driver.o
                0x0000000008000e88                USART3_IRQHandler
 .text.Clock_init
                0x0000000008000e9c       0x34 Src/main.o
                0x0000000008000e9c                Clock_init
 .text.main     0x0000000008000ed0       0x7c Src/main.o
                0x0000000008000ed0                main
 .text.Reset_Handler
                0x0000000008000f4c       0x50 Startup/startup_stm32f103c6tx.o
                0x0000000008000f4c                Reset_Handler
 .text.Default_Handler
                0x0000000008000f9c        0x2 Startup/startup_stm32f103c6tx.o
                0x0000000008000f9c                TIM8_TRG_COM_IRQHandler
                0x0000000008000f9c                TIM8_CC_IRQHandler
                0x0000000008000f9c                DebugMon_Handler
                0x0000000008000f9c                TIM1_CC_IRQHandler
                0x0000000008000f9c                HardFault_Handler
                0x0000000008000f9c                TIM6_IRQHandler
                0x0000000008000f9c                SysTick_Handler
                0x0000000008000f9c                PVD_IRQHandler
                0x0000000008000f9c                SDIO_IRQHandler
                0x0000000008000f9c                PendSV_Handler
                0x0000000008000f9c                NMI_Handler
                0x0000000008000f9c                USB_HP_CAN_TX_IRQHandler
                0x0000000008000f9c                UsageFault_Handler
                0x0000000008000f9c                ADC1_2_IRQHandler
                0x0000000008000f9c                CAN_SCE_IRQHandler
                0x0000000008000f9c                TAMPER_IRQHandler
                0x0000000008000f9c                TIM8_UP_IRQHandler
                0x0000000008000f9c                DMA2_Channel2_IRQHandler
                0x0000000008000f9c                DMA1_Channel4_IRQHandler
                0x0000000008000f9c                RTC_IRQHandler
                0x0000000008000f9c                DMA1_Channel7_IRQHandler
                0x0000000008000f9c                UART5_IRQHandler
                0x0000000008000f9c                ADC3_IRQHandler
                0x0000000008000f9c                TIM4_IRQHandler
                0x0000000008000f9c                CAN_RX1_IRQHandler
                0x0000000008000f9c                DMA2_Channel1_IRQHandler
                0x0000000008000f9c                DMA1_Channel6_IRQHandler
                0x0000000008000f9c                UART4_IRQHandler
                0x0000000008000f9c                TIM3_IRQHandler
                0x0000000008000f9c                RCC_IRQHandler
                0x0000000008000f9c                TIM1_TRG_COM_IRQHandler
                0x0000000008000f9c                DMA1_Channel1_IRQHandler
                0x0000000008000f9c                Default_Handler
                0x0000000008000f9c                TIM7_IRQHandler
                0x0000000008000f9c                TIM5_IRQHandler
                0x0000000008000f9c                USB_LP_CAN_RX0_IRQHandler
                0x0000000008000f9c                MemManage_Handler
                0x0000000008000f9c                SVC_Handler
                0x0000000008000f9c                DMA1_Channel5_IRQHandler
                0x0000000008000f9c                DMA1_Channel3_IRQHandler
                0x0000000008000f9c                FSMC_IRQHandler
                0x0000000008000f9c                TIM1_UP_IRQHandler
                0x0000000008000f9c                WWDG_IRQHandler
                0x0000000008000f9c                TIM2_IRQHandler
                0x0000000008000f9c                TIM1_BRK_IRQHandler
                0x0000000008000f9c                RTCAlarm_IRQHandler
                0x0000000008000f9c                DMA2_Channel4_5_IRQHandler
                0x0000000008000f9c                DMA1_Channel2_IRQHandler
                0x0000000008000f9c                TIM8_BRK_IRQHandler
                0x0000000008000f9c                FLASH_IRQHandler
                0x0000000008000f9c                BusFault_Handler
                0x0000000008000f9c                SPI3_IRQHandler
                0x0000000008000f9c                DMA2_Channel3_IRQHandler
 *fill*         0x0000000008000f9e        0x2 
 .text.__libc_init_array
                0x0000000008000fa0       0x48 c:/st/stm32cubeide_1.4.0/stm32cubeide/plugins/com.st.stm32cube.ide.mcu.externaltools.gnu-tools-for-stm32.7-2018-q2-update.win32_1.4.0.202007081208/tools/bin/../lib/gcc/arm-none-eabi/7.3.1/../../../../arm-none-eabi/lib/thumb/v7-m\libc_nano.a(lib_a-init.o)
                0x0000000008000fa0                __libc_init_array
 *(.glue_7)
 .glue_7        0x0000000008000fe8        0x0 linker stubs
 *(.glue_7t)
 .glue_7t       0x0000000008000fe8        0x0 linker stubs
 *(.eh_frame)
 .eh_frame      0x0000000008000fe8        0x0 c:/st/stm32cubeide_1.4.0/stm32cubeide/plugins/com.st.stm32cube.ide.mcu.externaltools.gnu-tools-for-stm32.7-2018-q2-update.win32_1.4.0.202007081208/tools/bin/../lib/gcc/arm-none-eabi/7.3.1/thumb/v7-m/crtbegin.o
 *(.init)
 .init          0x0000000008000fe8        0x4 c:/st/stm32cubeide_1.4.0/stm32cubeide/plugins/com.st.stm32cube.ide.mcu.externaltools.gnu-tools-for-stm32.7-2018-q2-update.win32_1.4.0.202007081208/tools/bin/../lib/gcc/arm-none-eabi/7.3.1/thumb/v7-m/crti.o
                0x0000000008000fe8                _init
 .init          0x0000000008000fec        0x8 c:/st/stm32cubeide_1.4.0/stm32cubeide/plugins/com.st.stm32cube.ide.mcu.externaltools.gnu-tools-for-stm32.7-2018-q2-update.win32_1.4.0.202007081208/tools/bin/../lib/gcc/arm-none-eabi/7.3.1/thumb/v7-m/crtn.o
 *(.fini)
 .fini          0x0000000008000ff4        0x4 c:/st/stm32cubeide_1.4.0/stm32cubeide/plugins/com.st.stm32cube.ide.mcu.externaltools.gnu-tools-for-stm32.7-2018-q2-update.win32_1.4.0.202007081208/tools/bin/../lib/gcc/arm-none-eabi/7.3.1/thumb/v7-m/crti.o
                0x0000000008000ff4                _fini
 .fini          0x0000000008000ff8        0x8 c:/st/stm32cubeide_1.4.0/stm32cubeide/plugins/com.st.stm32cube.ide.mcu.externaltools.gnu-tools-for-stm32.7-2018-q2-update.win32_1.4.0.202007081208/tools/bin/../lib/gcc/arm-none-eabi/7.3.1/thumb/v7-m/crtn.o
                0x0000000008001000                . = ALIGN (0x4)
                0x0000000008001000                _etext = .

.vfp11_veneer   0x0000000008001000        0x0
 .vfp11_veneer  0x0000000008001000        0x0 linker stubs

.v4_bx          0x0000000008001000        0x0
 .v4_bx         0x0000000008001000        0x0 linker stubs

.iplt           0x0000000008001000        0x0
 .iplt          0x0000000008001000        0x0 c:/st/stm32cubeide_1.4.0/stm32cubeide/plugins/com.st.stm32cube.ide.mcu.externaltools.gnu-tools-for-stm32.7-2018-q2-update.win32_1.4.0.202007081208/tools/bin/../lib/gcc/arm-none-eabi/7.3.1/thumb/v7-m/crtbegin.o

.rodata         0x0000000008001000       0x20
                0x0000000008001000                . = ALIGN (0x4)
 *(.rodata)
 .rodata        0x0000000008001000        0x7 Src/main.o
 *(.rodata*)
 *fill*         0x0000000008001007        0x1 
 .rodata.APBPrescTable
                0x0000000008001008        0x8 STM32_F103C6_Drivers/STM32_F103C6_RCC_Driver.o
                0x0000000008001008                APBPrescTable
 .rodata.AHBPrescTable
                0x0000000008001010       0x10 STM32_F103C6_Drivers/STM32_F103C6_RCC_Driver.o
                0x0000000008001010                AHBPrescTable
                0x0000000008001020                . = ALIGN (0x4)

.rel.dyn        0x0000000008001020        0x0
 .rel.iplt      0x0000000008001020        0x0 c:/st/stm32cubeide_1.4.0/stm32cubeide/plugins/com.st.stm32cube.ide.mcu.externaltools.gnu-tools-for-stm32.7-2018-q2-update.win32_1.4.0.202007081208/tools/bin/../lib/gcc/arm-none-eabi/7.3.1/thumb/v7-m/crtbegin.o

.ARM.extab      0x0000000008001020        0x0
                0x0000000008001020                . = ALIGN (0x4)
 *(.ARM.extab* .gnu.linkonce.armextab.*)
                0x0000000008001020                . = ALIGN (0x4)

.ARM            0x0000000008001020        0x0
                0x0000000008001020                . = ALIGN (0x4)
                0x0000000008001020                __exidx_start = .
 *(.ARM.exidx*)
                0x0000000008001020                __exidx_end = .
                0x0000000008001020                . = ALIGN (0x4)

.preinit_array  0x0000000008001020        0x0
                0x0000000008001020                . = ALIGN (0x4)
                0x0000000008001020                PROVIDE (__preinit_array_start = .)
 *(.preinit_array*)
                0x0000000008001020                PROVIDE (__preinit_array_end = .)
                0x0000000008001020                . = ALIGN (0x4)

.init_array     0x0000000008001020        0x4
                0x0000000008001020                . = ALIGN (0x4)
                0x0000000008001020                PROVIDE (__init_array_start = .)
 *(SORT_BY_NAME(.init_array.*))
 *(.init_array*)
 .init_array    0x0000000008001020        0x4 c:/st/stm32cubeide_1.4.0/stm32cubeide/plugins/com.st.stm32cube.ide.mcu.externaltools.gnu-tools-for-stm32.7-2018-q2-update.win32_1.4.0.202007081208/tools/bin/../lib/gcc/arm-none-eabi/7.3.1/thumb/v7-m/crtbegin.o
                0x0000000008001024                PROVIDE (__init_array_end = .)
                0x0000000008001024                . = ALIGN (0x4)

.fini_array     0x0000000008001024        0x4
                0x0000000008001024                . = ALIGN (0x4)
                [!provide]                        PROVIDE (__fini_array_start = .)
 *(SORT_BY_NAME(.fini_array.*))
 *(.fini_array*)
 .fini_array    0x0000000008001024        0x4 c:/st/stm32cubeide_1.4.0/stm32cubeide/plugins/com.st.stm32cube.ide.mcu.externaltools.gnu-tools-for-stm32.7-2018-q2-update.win32_1.4.0.202007081208/tools/bin/../lib/gcc/arm-none-eabi/7.3.1/thumb/v7-m/crtbegin.o
                [!provide]                        PROVIDE (__fini_array_end = .)
                0x0000000008001028                . = ALIGN (0x4)
                0x0000000008001028                _sidata = LOADADDR (.data)

.data           0x0000000020000000        0x0 load address 0x0000000008001028
                0x0000000020000000                . = ALIGN (0x4)
                0x0000000020000000                _sdata = .
 *(.data)
 *(.data*)
                0x0000000020000000                . = ALIGN (0x4)
                0x0000000020000000                _edata = .

.igot.plt       0x0000000020000000        0x0 load address 0x0000000008001028
 .igot.plt      0x0000000020000000        0x0 c:/st/stm32cubeide_1.4.0/stm32cubeide/plugins/com.st.stm32cube.ide.mcu.externaltools.gnu-tools-for-stm32.7-2018-q2-update.win32_1.4.0.202007081208/tools/bin/../lib/gcc/arm-none-eabi/7.3.1/thumb/v7-m/crtbegin.o
                0x0000000020000000                . = ALIGN (0x4)

.bss            0x0000000020000000       0x9c load address 0x0000000008001028
                0x0000000020000000                _sbss = .
                0x0000000020000000                __bss_start__ = _sbss
 *(.bss)
 .bss           0x0000000020000000       0x1c c:/st/stm32cubeide_1.4.0/stm32cubeide/plugins/com.st.stm32cube.ide.mcu.externaltools.gnu-tools-for-stm32.7-2018-q2-update.win32_1.4.0.202007081208/tools/bin/../lib/gcc/arm-none-eabi/7.3.1/thumb/v7-m/crtbegin.o
 *(.bss*)
 .bss.Global_I2C_Config
                0x000000002000001c       0x38 STM32_F103C6_Drivers/STM32_F103C6_I2C_Driver.o
                0x000000002000001c                Global_I2C_Config
 .bss.Global_SPI_Config
                0x0000000020000054        0x8 STM32_F103C6_Drivers/STM32_F103C6_SPI_Driver.o
                0x0000000020000054                Global_SPI_Config
 .bss.Global_UART_Config
                0x000000002000005c        0x4 STM32_F103C6_Drivers/STM32_F103C6_USART_Driver.o
                0x000000002000005c                Global_UART_Config
 *(COMMON)
 COMMON         0x0000000020000060       0x3c STM32_F103C6_Drivers/STM32_F103C6_EXTI_Driver.o
                0x0000000020000060                GP_IRQ_CallBack
                0x000000002000009c                . = ALIGN (0x4)
                0x000000002000009c                _ebss = .
                0x000000002000009c                __bss_end__ = _ebss

._user_heap_stack
                0x000000002000009c      0x604 load address 0x0000000008001028
                0x00000000200000a0                . = ALIGN (0x8)
 *fill*         0x000000002000009c        0x4 
                [!provide]                        PROVIDE (end = .)
                0x00000000200000a0                PROVIDE (_end = .)
                0x00000000200002a0                . = (. + _Min_Heap_Size)
 *fill*         0x00000000200000a0      0x200 
                0x00000000200006a0                . = (. + _Min_Stack_Size)
 *fill*         0x00000000200002a0      0x400 
                0x00000000200006a0                . = ALIGN (0x8)

/DISCARD/
 libc.a(*)
 libm.a(*)
 libgcc.a(*)

.ARM.attributes
                0x0000000000000000       0x29
 *(.ARM.attributes)
 .ARM.attributes
                0x0000000000000000       0x1d c:/st/stm32cubeide_1.4.0/stm32cubeide/plugins/com.st.stm32cube.ide.mcu.externaltools.gnu-tools-for-stm32.7-2018-q2-update.win32_1.4.0.202007081208/tools/bin/../lib/gcc/arm-none-eabi/7.3.1/thumb/v7-m/crti.o
 .ARM.attributes
                0x000000000000001d       0x2d c:/st/stm32cubeide_1.4.0/stm32cubeide/plugins/com.st.stm32cube.ide.mcu.externaltools.gnu-tools-for-stm32.7-2018-q2-update.win32_1.4.0.202007081208/tools/bin/../lib/gcc/arm-none-eabi/7.3.1/thumb/v7-m/crtbegin.o
 .ARM.attributes
                0x000000000000004a       0x33 HAL/I2C_Slave_EEPROM.o
 .ARM.attributes
                0x000000000000007d       0x33 STM32_F103C6_Drivers/STM32_F103C6_EXTI_Driver.o
 .ARM.attributes
                0x00000000000000b0       0x33 STM32_F103C6_Drivers/STM32_F103C6_GPIO_Driver.o
 .ARM.attributes
                0x00000000000000e3       0x33 STM32_F103C6_Drivers/STM32_F103C6_I2C_Driver.o
 .ARM.attributes
                0x0000000000000116       0x33 STM32_F103C6_Drivers/STM32_F103C6_RCC_Driver.o
 .ARM.attributes
                0x0000000000000149       0x33 STM32_F103C6_Drivers/STM32_F103C6_SPI_Driver.o
 .ARM.attributes
                0x000000000000017c       0x33 STM32_F103C6_Drivers/STM32_F103C6_USART_Driver.o
 .ARM.attributes
                0x00000000000001af       0x33 Src/main.o
 .ARM.attributes
                0x00000000000001e2       0x21 Startup/startup_stm32f103c6tx.o
 .ARM.attributes
                0x0000000000000203       0x2d c:/st/stm32cubeide_1.4.0/stm32cubeide/plugins/com.st.stm32cube.ide.mcu.externaltools.gnu-tools-for-stm32.7-2018-q2-update.win32_1.4.0.202007081208/tools/bin/../lib/gcc/arm-none-eabi/7.3.1/../../../../arm-none-eabi/lib/thumb/v7-m\libc_nano.a(lib_a-init.o)
 .ARM.attributes
                0x0000000000000230       0x1d c:/st/stm32cubeide_1.4.0/stm32cubeide/plugins/com.st.stm32cube.ide.mcu.externaltools.gnu-tools-for-stm32.7-2018-q2-update.win32_1.4.0.202007081208/tools/bin/../lib/gcc/arm-none-eabi/7.3.1/thumb/v7-m/crtn.o
OUTPUT(DRIVERS.elf elf32-littlearm)

.debug_info     0x0000000000000000     0x6c77
 .debug_info    0x0000000000000000      0xc89 HAL/I2C_Slave_EEPROM.o
 .debug_info    0x0000000000000c89      0xdbf STM32_F103C6_Drivers/STM32_F103C6_EXTI_Driver.o
 .debug_info    0x0000000000001a48      0xd59 STM32_F103C6_Drivers/STM32_F103C6_GPIO_Driver.o
 .debug_info    0x00000000000027a1     0x11f1 STM32_F103C6_Drivers/STM32_F103C6_I2C_Driver.o
 .debug_info    0x0000000000003992      0xb09 STM32_F103C6_Drivers/STM32_F103C6_RCC_Driver.o
 .debug_info    0x000000000000449b      0xedf STM32_F103C6_Drivers/STM32_F103C6_SPI_Driver.o
 .debug_info    0x000000000000537a      0xe07 STM32_F103C6_Drivers/STM32_F103C6_USART_Driver.o
 .debug_info    0x0000000000006181      0xad4 Src/main.o
 .debug_info    0x0000000000006c55       0x22 Startup/startup_stm32f103c6tx.o

.debug_abbrev   0x0000000000000000     0x10d4
 .debug_abbrev  0x0000000000000000      0x1d1 HAL/I2C_Slave_EEPROM.o
 .debug_abbrev  0x00000000000001d1      0x210 STM32_F103C6_Drivers/STM32_F103C6_EXTI_Driver.o
 .debug_abbrev  0x00000000000003e1      0x232 STM32_F103C6_Drivers/STM32_F103C6_GPIO_Driver.o
 .debug_abbrev  0x0000000000000613      0x2ac STM32_F103C6_Drivers/STM32_F103C6_I2C_Driver.o
 .debug_abbrev  0x00000000000008bf      0x19b STM32_F103C6_Drivers/STM32_F103C6_RCC_Driver.o
 .debug_abbrev  0x0000000000000a5a      0x269 STM32_F103C6_Drivers/STM32_F103C6_SPI_Driver.o
 .debug_abbrev  0x0000000000000cc3      0x23f STM32_F103C6_Drivers/STM32_F103C6_USART_Driver.o
 .debug_abbrev  0x0000000000000f02      0x1c0 Src/main.o
 .debug_abbrev  0x00000000000010c2       0x12 Startup/startup_stm32f103c6tx.o

.debug_loc      0x0000000000000000     0x1356
 .debug_loc     0x0000000000000000       0xf2 HAL/I2C_Slave_EEPROM.o
 .debug_loc     0x00000000000000f2      0x320 STM32_F103C6_Drivers/STM32_F103C6_EXTI_Driver.o
 .debug_loc     0x0000000000000412      0x330 STM32_F103C6_Drivers/STM32_F103C6_GPIO_Driver.o
 .debug_loc     0x0000000000000742      0x524 STM32_F103C6_Drivers/STM32_F103C6_I2C_Driver.o
 .debug_loc     0x0000000000000c66       0xc8 STM32_F103C6_Drivers/STM32_F103C6_RCC_Driver.o
 .debug_loc     0x0000000000000d2e      0x2bc STM32_F103C6_Drivers/STM32_F103C6_SPI_Driver.o
 .debug_loc     0x0000000000000fea      0x294 STM32_F103C6_Drivers/STM32_F103C6_USART_Driver.o
 .debug_loc     0x000000000000127e       0xd8 Src/main.o

.debug_aranges  0x0000000000000000      0x2f0
 .debug_aranges
                0x0000000000000000       0x30 HAL/I2C_Slave_EEPROM.o
 .debug_aranges
                0x0000000000000030       0x80 STM32_F103C6_Drivers/STM32_F103C6_EXTI_Driver.o
 .debug_aranges
                0x00000000000000b0       0x60 STM32_F103C6_Drivers/STM32_F103C6_GPIO_Driver.o
 .debug_aranges
                0x0000000000000110       0x98 STM32_F103C6_Drivers/STM32_F103C6_I2C_Driver.o
 .debug_aranges
                0x00000000000001a8       0x38 STM32_F103C6_Drivers/STM32_F103C6_RCC_Driver.o
 .debug_aranges
                0x00000000000001e0       0x58 STM32_F103C6_Drivers/STM32_F103C6_SPI_Driver.o
 .debug_aranges
                0x0000000000000238       0x60 STM32_F103C6_Drivers/STM32_F103C6_USART_Driver.o
 .debug_aranges
                0x0000000000000298       0x30 Src/main.o
 .debug_aranges
                0x00000000000002c8       0x28 Startup/startup_stm32f103c6tx.o

.debug_ranges   0x0000000000000000      0x268
 .debug_ranges  0x0000000000000000       0x20 HAL/I2C_Slave_EEPROM.o
 .debug_ranges  0x0000000000000020       0x70 STM32_F103C6_Drivers/STM32_F103C6_EXTI_Driver.o
 .debug_ranges  0x0000000000000090       0x50 STM32_F103C6_Drivers/STM32_F103C6_GPIO_Driver.o
 .debug_ranges  0x00000000000000e0       0x88 STM32_F103C6_Drivers/STM32_F103C6_I2C_Driver.o
 .debug_ranges  0x0000000000000168       0x28 STM32_F103C6_Drivers/STM32_F103C6_RCC_Driver.o
 .debug_ranges  0x0000000000000190       0x48 STM32_F103C6_Drivers/STM32_F103C6_SPI_Driver.o
 .debug_ranges  0x00000000000001d8       0x50 STM32_F103C6_Drivers/STM32_F103C6_USART_Driver.o
 .debug_ranges  0x0000000000000228       0x20 Src/main.o
 .debug_ranges  0x0000000000000248       0x20 Startup/startup_stm32f103c6tx.o

.debug_macro    0x0000000000000000     0x2eec
 .debug_macro   0x0000000000000000      0x161 HAL/I2C_Slave_EEPROM.o
 .debug_macro   0x0000000000000161      0xa60 HAL/I2C_Slave_EEPROM.o
 .debug_macro   0x0000000000000bc1       0x18 HAL/I2C_Slave_EEPROM.o
 .debug_macro   0x0000000000000bd9       0x22 HAL/I2C_Slave_EEPROM.o
 .debug_macro   0x0000000000000bfb       0x40 HAL/I2C_Slave_EEPROM.o
 .debug_macro   0x0000000000000c3b       0x94 HAL/I2C_Slave_EEPROM.o
 .debug_macro   0x0000000000000ccf       0x3c HAL/I2C_Slave_EEPROM.o
 .debug_macro   0x0000000000000d0b       0x34 HAL/I2C_Slave_EEPROM.o
 .debug_macro   0x0000000000000d3f       0x16 HAL/I2C_Slave_EEPROM.o
 .debug_macro   0x0000000000000d55      0x10e HAL/I2C_Slave_EEPROM.o
 .debug_macro   0x0000000000000e63       0x8d HAL/I2C_Slave_EEPROM.o
 .debug_macro   0x0000000000000ef0       0x57 HAL/I2C_Slave_EEPROM.o
 .debug_macro   0x0000000000000f47       0x52 HAL/I2C_Slave_EEPROM.o
 .debug_macro   0x0000000000000f99       0x1f HAL/I2C_Slave_EEPROM.o
 .debug_macro   0x0000000000000fb8       0x43 HAL/I2C_Slave_EEPROM.o
 .debug_macro   0x0000000000000ffb       0x20 HAL/I2C_Slave_EEPROM.o
 .debug_macro   0x000000000000101b      0x1a3 HAL/I2C_Slave_EEPROM.o
 .debug_macro   0x00000000000011be      0x330 HAL/I2C_Slave_EEPROM.o
 .debug_macro   0x00000000000014ee       0x16 HAL/I2C_Slave_EEPROM.o
 .debug_macro   0x0000000000001504       0x29 HAL/I2C_Slave_EEPROM.o
 .debug_macro   0x000000000000152d       0xef HAL/I2C_Slave_EEPROM.o
 .debug_macro   0x000000000000161c       0x6a HAL/I2C_Slave_EEPROM.o
 .debug_macro   0x0000000000001686      0x1df HAL/I2C_Slave_EEPROM.o
 .debug_macro   0x0000000000001865      0x728 HAL/I2C_Slave_EEPROM.o
 .debug_macro   0x0000000000001f8d       0xd6 HAL/I2C_Slave_EEPROM.o
 .debug_macro   0x0000000000002063       0x16 HAL/I2C_Slave_EEPROM.o
 .debug_macro   0x0000000000002079       0x53 HAL/I2C_Slave_EEPROM.o
 .debug_macro   0x00000000000020cc      0x156 STM32_F103C6_Drivers/STM32_F103C6_EXTI_Driver.o
 .debug_macro   0x0000000000002222      0x1b7 STM32_F103C6_Drivers/STM32_F103C6_EXTI_Driver.o
 .debug_macro   0x00000000000023d9      0x13f STM32_F103C6_Drivers/STM32_F103C6_GPIO_Driver.o
 .debug_macro   0x0000000000002518      0x15d STM32_F103C6_Drivers/STM32_F103C6_I2C_Driver.o
 .debug_macro   0x0000000000002675      0x148 STM32_F103C6_Drivers/STM32_F103C6_RCC_Driver.o
 .debug_macro   0x00000000000027bd       0x10 STM32_F103C6_Drivers/STM32_F103C6_RCC_Driver.o
 .debug_macro   0x00000000000027cd      0x160 STM32_F103C6_Drivers/STM32_F103C6_SPI_Driver.o
 .debug_macro   0x000000000000292d       0xbe STM32_F103C6_Drivers/STM32_F103C6_SPI_Driver.o
 .debug_macro   0x00000000000029eb      0x15b STM32_F103C6_Drivers/STM32_F103C6_USART_Driver.o
 .debug_macro   0x0000000000002b46       0xe2 STM32_F103C6_Drivers/STM32_F103C6_USART_Driver.o
 .debug_macro   0x0000000000002c28      0x197 Src/main.o
 .debug_macro   0x0000000000002dbf       0xc4 Src/main.o
 .debug_macro   0x0000000000002e83       0x59 Src/main.o
 .debug_macro   0x0000000000002edc       0x10 Src/main.o

.debug_line     0x0000000000000000     0x397a
 .debug_line    0x0000000000000000      0x6df HAL/I2C_Slave_EEPROM.o
 .debug_line    0x00000000000006df      0x79b STM32_F103C6_Drivers/STM32_F103C6_EXTI_Driver.o
 .debug_line    0x0000000000000e7a      0x6e6 STM32_F103C6_Drivers/STM32_F103C6_GPIO_Driver.o
 .debug_line    0x0000000000001560      0x818 STM32_F103C6_Drivers/STM32_F103C6_I2C_Driver.o
 .debug_line    0x0000000000001d78      0x622 STM32_F103C6_Drivers/STM32_F103C6_RCC_Driver.o
 .debug_line    0x000000000000239a      0x70c STM32_F103C6_Drivers/STM32_F103C6_SPI_Driver.o
 .debug_line    0x0000000000002aa6      0x71a STM32_F103C6_Drivers/STM32_F103C6_USART_Driver.o
 .debug_line    0x00000000000031c0      0x736 Src/main.o
 .debug_line    0x00000000000038f6       0x84 Startup/startup_stm32f103c6tx.o

.debug_str      0x0000000000000000     0xc148
 .debug_str     0x0000000000000000     0x981d HAL/I2C_Slave_EEPROM.o
                                       0x9ab3 (size before relaxing)
 .debug_str     0x000000000000981d     0x14b1 STM32_F103C6_Drivers/STM32_F103C6_EXTI_Driver.o
                                       0xab3e (size before relaxing)
 .debug_str     0x000000000000acce      0x156 STM32_F103C6_Drivers/STM32_F103C6_GPIO_Driver.o
                                       0x982e (size before relaxing)
 .debug_str     0x000000000000ae24      0x2a2 STM32_F103C6_Drivers/STM32_F103C6_I2C_Driver.o
                                       0x9d7c (size before relaxing)
 .debug_str     0x000000000000b0c6       0xa8 STM32_F103C6_Drivers/STM32_F103C6_RCC_Driver.o
                                       0x97a3 (size before relaxing)
 .debug_str     0x000000000000b16e      0x7aa STM32_F103C6_Drivers/STM32_F103C6_SPI_Driver.o
                                       0x9ecc (size before relaxing)
 .debug_str     0x000000000000b918      0x7c9 STM32_F103C6_Drivers/STM32_F103C6_USART_Driver.o
                                       0x9f5b (size before relaxing)
 .debug_str     0x000000000000c0e1       0x36 Src/main.o
                                       0xb661 (size before relaxing)
 .debug_str     0x000000000000c117       0x31 Startup/startup_stm32f103c6tx.o
                                         0xc7 (size before relaxing)

.comment        0x0000000000000000       0x7b
 .comment       0x0000000000000000       0x7b HAL/I2C_Slave_EEPROM.o
                                         0x7c (size before relaxing)
 .comment       0x000000000000007b       0x7c STM32_F103C6_Drivers/STM32_F103C6_EXTI_Driver.o
 .comment       0x000000000000007b       0x7c STM32_F103C6_Drivers/STM32_F103C6_GPIO_Driver.o
 .comment       0x000000000000007b       0x7c STM32_F103C6_Drivers/STM32_F103C6_I2C_Driver.o
 .comment       0x000000000000007b       0x7c STM32_F103C6_Drivers/STM32_F103C6_RCC_Driver.o
 .comment       0x000000000000007b       0x7c STM32_F103C6_Drivers/STM32_F103C6_SPI_Driver.o
 .comment       0x000000000000007b       0x7c STM32_F103C6_Drivers/STM32_F103C6_USART_Driver.o
 .comment       0x000000000000007b       0x7c Src/main.o

.debug_frame    0x0000000000000000      0x9c0
 .debug_frame   0x0000000000000000       0x80 HAL/I2C_Slave_EEPROM.o
 .debug_frame   0x0000000000000080      0x1b0 STM32_F103C6_Drivers/STM32_F103C6_EXTI_Driver.o
 .debug_frame   0x0000000000000230      0x178 STM32_F103C6_Drivers/STM32_F103C6_GPIO_Driver.o
 .debug_frame   0x00000000000003a8      0x260 STM32_F103C6_Drivers/STM32_F103C6_I2C_Driver.o
 .debug_frame   0x0000000000000608       0x84 STM32_F103C6_Drivers/STM32_F103C6_RCC_Driver.o
 .debug_frame   0x000000000000068c      0x144 STM32_F103C6_Drivers/STM32_F103C6_SPI_Driver.o
 .debug_frame   0x00000000000007d0      0x14c STM32_F103C6_Drivers/STM32_F103C6_USART_Driver.o
 .debug_frame   0x000000000000091c       0x78 Src/main.o
 .debug_frame   0x0000000000000994       0x2c c:/st/stm32cubeide_1.4.0/stm32cubeide/plugins/com.st.stm32cube.ide.mcu.externaltools.gnu-tools-for-stm32.7-2018-q2-update.win32_1.4.0.202007081208/tools/bin/../lib/gcc/arm-none-eabi/7.3.1/../../../../arm-none-eabi/lib/thumb/v7-m\libc_nano.a(lib_a-init.o)
